35986.5
34058
31775.5
32270.5
33865.5
32269
33457
35712.5
31346
32559.5
33042.5
32084
32341
33324.5
33500
30946.5
35852
31962
33102
33423.5
32030.5
33192.5
31621.5
38283
33895.5
35178
32590.5
29899.5
31848.5
32694.5
33742.5
32939
35276
37543
34045.5
31926.5
33893
33022
32497.5
32738.5
35682
33817
38670.5
31977.5
33026
33095
30906.5
33420
36143
31998
33940.5
31560.5
33337.5
31554
33248
31762
33105.5
35276.5
31825
34940
32181
32553.5
32044
32576.5
32173
31475.5
33580
31923.5
33627.5
31841.5
32239
31745
31756.5
33108
33474.5
32970
33714
34602
32573
32702
33541.5
32129
32947
30977.5
35645
32838
34382.5
32995
32717
33281
33153.5
31746.5
32091.5
36843
33251
34729.5
32265
32706
33540.5
31195
32809.5
33398
33675
31891.5
33443.5
33008.5
34213
33480.5
32109.5
33758.5
35417.5
37056.5
35861
33016.5
32664
31109.5
32707
32368.5
31901.5
32494.5
37043
32971.5
32696.5
33454.5
32563.5
33840
32516
30701.5
32867.5
34431.5
33028.5
30770.5
45044
32898
30666.5
35515.5
35650
33171.5
38345
31791.5
32531.5
33140.5
32564.5
31171
33284.5
35133
31206.5
36654.5
32748.5
33386
32970.5
